DEBUG:root:debug
INFO:root:info
WARNING:root:warning
ERROR:root:error
CRITICAL:root:critical
DEBUG:root:debug
INFO:root:info
WARNING:root:warning
ERROR:root:error
CRITICAL:root:critical
